---
source: crates/php-parser/tests/expr_snapshots.rs
expression: "matrix(&[\"42\", \"0xFF\", \"0b1010\", \"017\", \"1_000_000\", \"3.14\", \"1.2e3\",\n\"'single'\", \"\\\"plain\\\"\", \"[1, 2 => 'b', &$c, ...$d]\", \"[$k => $v]\",])"
---
42                             => 42
0xFF                           => 255
0b1010                         => 10
017                            => 15
1_000_000                      => 1000000
3.14                           => 3.14
1.2e3                          => 1200.0
'single'                       => "single"
"plain"                        => "plain"
[1, 2 => 'b', &$c, ...$d]      => (array 1 2=>"b" &$c ...$d)
[$k => $v]                     => (array $k=>$v)
